a.md:1:2 MD1000[error] error 1
a.md:1:3 MD1000[warning] warning 3
a.md:1:3 MD1001[warning] warning 2
a.md:1:5 MD1000[suggestion] suggestion 1
a.md:2:1 MD1002[error] error 2
b.md:2:1 MD1000[warning] warning 1
